// Vitest Snapshot v1, https://vitest.dev/guide/snapshot.html

exports[`ConsoleShell snapshot coverage > renders deterministic shell navigation for the M56 parity surface 1`] = `
<div
  class="console-shell"
>
  <header
    class="console-topbar console-topbar--shell"
  >
    <div
      class="console-topbar__title"
    >
      <p
        class="console-label"
      >
        Palyra / M56
      </p>
      <h1>
        Web Dashboard Operator Surface
      </h1>
      <p
        class="console-copy"
      >
        Dashboard reflects the implemented control-plane surface, including direct actions, explicit CLI handoffs, and internal-only capability notes.
      </p>
    </div>
    <div
      class="console-session-box"
    >
      <p>
        <strong>
          Principal:
        </strong>
         
        admin:web-console
      </p>
      <p>
        <strong>
          Device:
        </strong>
         
        device-1
      </p>
      <p>
        <strong>
          Channel:
        </strong>
         
        web
      </p>
      <p>
        <strong>
          Expires:
        </strong>
         
        1970-01-01 00:00:00
         UTC
      </p>
      <div
        class="console-inline-actions"
      >
        <button
          aria-label="Theme light"
          type="button"
        >
          Theme: 
          light
        </button>
        <label
          class="console-checkbox-inline"
        >
          <input
            type="checkbox"
          />
          Reveal sensitive values
        </label>
        <button
          class="button--warn"
          type="button"
        >
          Sign out
        </button>
      </div>
    </div>
  </header>
  <div
    class="console-shell__layout"
  >
    <aside
      aria-label="Dashboard domains"
      class="console-sidebar"
    >
      <div
        class="console-sidebar__intro"
      >
        <p
          class="console-label"
        >
          Information Architecture
        </p>
        <h2>
          Operator domains
        </h2>
        <p
          class="console-copy"
        >
          Every menu maps to a live backend contract, a generated CLI handoff, or an explicit internal-only capability note.
        </p>
      </div>
      <nav
        class="console-domain-nav"
      >
        <button
          aria-current="page"
          aria-label="Overview"
          class="is-active"
          type="button"
        >
          <span
            aria-hidden="true"
          >
            Overview
          </span>
          <small>
            Product posture and capability exposure map
          </small>
        </button>
        <button
          aria-label="Chat and Sessions"
          class=""
          type="button"
        >
          <span
            aria-hidden="true"
          >
            Chat and Sessions
          </span>
          <small>
            Streaming operator workspace
          </small>
        </button>
        <button
          aria-label="Approvals"
          class=""
          type="button"
        >
          <span
            aria-hidden="true"
          >
            Approvals
          </span>
          <small>
            Sensitive action gate
          </small>
        </button>
        <button
          aria-label="Cron"
          class=""
          type="button"
        >
          <span
            aria-hidden="true"
          >
            Cron
          </span>
          <small>
            Scheduled prompts, runs, and logs
          </small>
        </button>
        <button
          aria-label="Channels and Router"
          class=""
          type="button"
        >
          <span
            aria-hidden="true"
          >
            Channels and Router
          </span>
          <small>
            Discord operations and routing policy
          </small>
        </button>
        <button
          aria-label="Browser"
          class=""
          type="button"
        >
          <span
            aria-hidden="true"
          >
            Browser
          </span>
          <small>
            Profiles, relay, and downloads
          </small>
        </button>
        <button
          aria-label="Memory"
          class=""
          type="button"
        >
          <span
            aria-hidden="true"
          >
            Memory
          </span>
          <small>
            Retention, search, and purge
          </small>
        </button>
        <button
          aria-label="Skills"
          class=""
          type="button"
        >
          <span
            aria-hidden="true"
          >
            Skills
          </span>
          <small>
            Install and runtime trust posture
          </small>
        </button>
        <button
          aria-label="OpenAI and Auth Profiles"
          class=""
          type="button"
        >
          <span
            aria-hidden="true"
          >
            OpenAI and Auth Profiles
          </span>
          <small>
            Provider state and credential health
          </small>
        </button>
        <button
          aria-label="Config and Secrets"
          class=""
          type="button"
        >
          <span
            aria-hidden="true"
          >
            Config and Secrets
          </span>
          <small>
            Config lifecycle and vault metadata
          </small>
        </button>
        <button
          aria-label="Pairing and Gateway Access"
          class=""
          type="button"
        >
          <span
            aria-hidden="true"
          >
            Pairing and Gateway Access
          </span>
          <small>
            Pairing lifecycle and remote access posture
          </small>
        </button>
        <button
          aria-label="Diagnostics and Audit"
          class=""
          type="button"
        >
          <span
            aria-hidden="true"
          >
            Diagnostics and Audit
          </span>
          <small>
            Runtime snapshots, audit, and CLI handoffs
          </small>
        </button>
        <button
          aria-label="Support and Recovery"
          class=""
          type="button"
        >
          <span
            aria-hidden="true"
          >
            Support and Recovery
          </span>
          <small>
            Bundle export and recovery shortcuts
          </small>
        </button>
      </nav>
    </aside>
    <section
      class="console-shell__content"
    >
      <p
        class="console-notice"
      >
        Overview refreshed.
      </p>
      <section
        class="console-card"
      >
        <h2>
          Overview
        </h2>
        <p>
          Baseline shell snapshot.
        </p>
      </section>
    </section>
  </div>
</div>
`;
